# Browser client console log
```
VM137 invoice:2 Livewire: The published Livewire assets are out of date
 See: https://livewire.laravel.com/docs/installation#publishing-livewires-assets-to-public-directory
(anonymous) @ VM137 invoice:2
VM139:2 Livewire: The published Livewire assets are out of date
 See: https://livewire.laravel.com/docs/installation#publishing-livewires-assets-to-public-directory
(anonymous) @ VM139:2
Mixed Content: The page at '<URL>' was loaded over HTTPS, but requested an insecure resource '<URL>'. This request has been blocked; the content must be served over HTTPS.
Mixed Content: The page at '<URL>' was loaded over HTTPS, but requested an insecure resource '<URL>'. This request has been blocked; the content must be served over HTTPS.
Mixed Content: The page at '<URL>' was loaded over HTTPS, but requested an insecure resource '<URL>'. This request has been blocked; the content must be served over HTTPS.
Mixed Content: The page at '<URL>' was loaded over HTTPS, but requested an insecure resource '<URL>'. This request has been blocked; the content must be served over HTTPS.
Mixed Content: The page at '<URL>' was loaded over HTTPS, but requested an insecure resource '<URL>'. This request has been blocked; the content must be served over HTTPS.
Mixed Content: The page at '<URL>' was loaded over HTTPS, but requested an insecure resource '<URL>'. This request has been blocked; the content must be served over HTTPS.
Mixed Content: The page at '<URL>' was loaded over HTTPS, but requested an insecure resource '<URL>'. This request has been blocked; the content must be served over HTTPS.
Mixed Content: The page at '<URL>' was loaded over HTTPS, but requested an insecure resource '<URL>'. This request has been blocked; the content must be served over HTTPS.
Mixed Content: The page at '<URL>' was loaded over HTTPS, but requested an insecure resource '<URL>'. This request has been blocked; the content must be served over HTTPS.
Mixed Content: The page at '<URL>' was loaded over HTTPS, but requested an insecure resource '<URL>'. This request has been blocked; the content must be served over HTTPS.
Mixed Content: The page at '<URL>' was loaded over HTTPS, but requested an insecure resource '<URL>'. This request has been blocked; the content must be served over HTTPS.
Mixed Content: The page at '<URL>' was loaded over HTTPS, but requested an insecure resource '<URL>'. This request has been blocked; the content must be served over HTTPS.
Mixed Content: The page at '<URL>' was loaded over HTTPS, but requested an insecure resource '<URL>'. This request has been blocked; the content must be served over HTTPS.
Mixed Content: The page at '<URL>' was loaded over HTTPS, but requested an insecure resource '<URL>'. This request has been blocked; the content must be served over HTTPS.
Mixed Content: The page at '<URL>' was loaded over HTTPS, but requested an insecure resource '<URL>'. This request has been blocked; the content must be served over HTTPS.
VM143:2 Livewire: The published Livewire assets are out of date
 See: https://livewire.laravel.com/docs/installation#publishing-livewires-assets-to-public-directory
(anonymous) @ VM143:2
edit:1 Uncaught (in promise) Objectbody: nullerrors: nulljson: nullstatus: null[[Prototype]]: Object
edit:1 Uncaught (in promise) Object
edit:1 Uncaught (in promise) Object
edit:1 Uncaught (in promise) Object
edit:1 Uncaught (in promise) {status: null, body: null, json: null, errors: null}
edit:1 Uncaught (in promise) {status: null, body: null, json: null, errors: null}
edit:1 Uncaught (in promise) {status: null, body: null, json: null, errors: null}
edit:1 Uncaught (in promise) {status: null, body: null, json: null, errors: null}
edit:1 Uncaught (in promise) {status: null, body: null, json: null, errors: null}
```
---
Dokploy log
```
2026-09-12T10:57:53.962Z INFO  Routes cached successfully.
2026-09-12T10:57:58.960Z INFO  Blade templates cached successfully.
2026-09-12T10:57:59.263Z INFO  Events cached successfully.
2026-09-12T10:57:59.556Z INFO  The [public/storage] link has been connected to [storage/app/public].
2026-09-12T10:57:59.734Z 2026-09-12 17:57:59,734 WARN For [program:horizon], redirect_stderr=true but stderr_logfile has also been set to a filename, the filename has been ignored
2026-09-12T10:57:59.734Z 2026-09-12 17:57:59,734 WARN For [program:schedule], redirect_stderr=true but stderr_logfile has also been set to a filename, the filename has been ignored
2026-09-12T10:57:59.734Z 2026-09-12 17:57:59,734 INFO Included extra file "/etc/supervisor/conf.d/caddy.conf" during parsing
2026-09-12T10:57:59.734Z 2026-09-12 17:57:59,734 INFO Included extra file "/etc/supervisor/conf.d/horizon.conf" during parsing
2026-09-12T10:57:59.734Z 2026-09-12 17:57:59,734 INFO Included extra file "/etc/supervisor/conf.d/php-fpm.conf" during parsing
2026-09-12T10:57:59.734Z 2026-09-12 17:57:59,734 INFO Included extra file "/etc/supervisor/conf.d/schedule.conf" during parsing
2026-09-12T10:57:59.734Z 2026-09-12 17:57:59,734 INFO Set uid to user 0 succeeded
2026-09-12T10:57:59.737Z 2026-09-12 17:57:59,737 INFO RPC interface 'supervisor' initialized
2026-09-12T10:57:59.737Z 2026-09-12 17:57:59,737 CRIT Server 'unix_http_server' running without any HTTP authentication checking
2026-09-12T10:57:59.737Z 2026-09-12 17:57:59,737 INFO supervisord started with pid 1
2026-09-12T10:58:00.740Z 2026-09-12 17:58:00,740 INFO spawned: 'php-fpm' with pid 36
2026-09-12T10:58:00.743Z 2026-09-12 17:58:00,742 INFO spawned: 'caddy' with pid 37
2026-09-12T10:58:00.746Z 2026-09-12 17:58:00,745 INFO spawned: 'horizon' with pid 38
2026-09-12T10:58:00.749Z 2026-09-12 17:58:00,748 INFO spawned: 'schedule' with pid 39
2026-09-12T10:58:00.794Z {"level":"info","ts":1789210680.794534,"msg":"maxprocs: Leaving GOMAXPROCS=5: CPU quota undefined"}
2026-09-12T10:58:00.794Z {"level":"info","ts":1789210680.7945523,"msg":"GOMEMLIMIT is updated","GOMEMLIMIT":14604761088,"previous":9223372036854775807}
2026-09-12T10:58:00.794Z {"level":"info","ts":1789210680.7945573,"msg":"using config from file","file":"/etc/caddy/Caddyfile"}
2026-09-12T10:58:00.794Z {"level":"info","ts":1789210680.7945607,"msg":"adapted config to JSON","adapter":"caddyfile"}
2026-09-12T10:58:00.796Z {"level":"info","ts":1789210680.7955246,"logger":"admin","msg":"admin endpoint started","address":"localhost:2019","enforce_origin":false,"origins":["//localhost:2019","//[::1]:2019","//127.0.0.1:2019"]}
2026-09-12T10:58:00.796Z {"level":"info","ts":1789210680.7957659,"logger":"http","msg":"servers shutting down with eternal grace period"}
2026-09-12T10:58:00.796Z {"level":"info","ts":1789210680.7959297,"logger":"tls.cache.maintenance","msg":"started background certificate maintenance","cache":"0x12e1b9ad3d00"}
2026-09-12T10:58:00.796Z {"level":"info","ts":1789210680.7959507,"logger":"tls.cache.maintenance","msg":"stopped background certificate maintenance","cache":"0x12e1b9ad3d00"}
2026-09-12T10:58:00.796Z Error: loading initial config: loading new config: loading http app module: provision http: server srv0: setting up route matchers: route 4: loading matcher modules: module name 'path_regexp': provision http.matchers.path_regexp: compiling matcher regexp \/\.(?!well-known): error parsing regexp: invalid or unsupported Perl syntax: `(?!`
2026-09-12T10:58:00.798Z [12-Sep-2026 17:58:00] NOTICE: fpm is running, pid 36
2026-09-12T10:58:00.801Z [12-Sep-2026 17:58:00] NOTICE: ready to handle connections
2026-09-12T10:58:00.801Z 2026-09-12 17:58:00,801 WARN exited: caddy (exit status 1; not expected)
2026-09-12T10:58:01.056Z INFO  Horizon started successfully.
2026-09-12T10:58:01.072Z INFO  No scheduled commands are ready to run.
2026-09-12T10:58:02.073Z 2026-09-12 17:58:02,072 INFO success: php-fpm entered RUNNING state, process has stayed up for > than 1 seconds (startsecs)
2026-09-12T10:58:02.077Z 2026-09-12 17:58:02,076 INFO spawned: 'caddy' with pid 61
2026-09-12T10:58:02.077Z 2026-09-12 17:58:02,077 INFO success: horizon entered RUNNING state, process has stayed up for > than 1 seconds (startsecs)
2026-09-12T10:58:02.077Z 2026-09-12 17:58:02,077 INFO success: schedule entered RUNNING state, process has stayed up for > than 1 seconds (startsecs)
2026-09-12T10:58:02.145Z {"level":"info","ts":1789210682.1455324,"msg":"maxprocs: Leaving GOMAXPROCS=5: CPU quota undefined"}
2026-09-12T10:58:02.145Z {"level":"info","ts":1789210682.1455672,"msg":"GOMEMLIMIT is updated","GOMEMLIMIT":14604761088,"previous":9223372036854775807}
2026-09-12T10:58:02.145Z {"level":"info","ts":1789210682.145574,"msg":"using config from file","file":"/etc/caddy/Caddyfile"}
2026-09-12T10:58:02.145Z {"level":"info","ts":1789210682.1455777,"msg":"adapted config to JSON","adapter":"caddyfile"}
2026-09-12T10:58:02.150Z {"level":"info","ts":1789210682.1505075,"logger":"admin","msg":"admin endpoint started","address":"localhost:2019","enforce_origin":false,"origins":["//localhost:2019","//[::1]:2019","//127.0.0.1:2019"]}
2026-09-12T10:58:02.151Z {"level":"info","ts":1789210682.1512473,"logger":"http","msg":"servers shutting down with eternal grace period"}
2026-09-12T10:58:02.151Z {"level":"info","ts":1789210682.1512532,"logger":"tls.cache.maintenance","msg":"started background certificate maintenance","cache":"0x27b4b8838480"}
2026-09-12T10:58:02.151Z {"level":"info","ts":1789210682.1513758,"logger":"tls.cache.maintenance","msg":"stopped background certificate maintenance","cache":"0x27b4b8838480"}
2026-09-12T10:58:02.151Z Error: loading initial config: loading new config: loading http app module: provision http: server srv0: setting up route matchers: route 4: loading matcher modules: module name 'path_regexp': provision http.matchers.path_regexp: compiling matcher regexp \/\.(?!well-known): error parsing regexp: invalid or unsupported Perl syntax: `(?!`
2026-09-12T10:58:02.154Z 2026-09-12 17:58:02,154 WARN exited: caddy (exit status 1; not expected)
2026-09-12T10:58:04.159Z 2026-09-12 17:58:04,158 INFO spawned: 'caddy' with pid 127
2026-09-12T10:58:04.198Z {"level":"info","ts":1789210684.1984372,"msg":"maxprocs: Leaving GOMAXPROCS=5: CPU quota undefined"}
2026-09-12T10:58:04.198Z {"level":"info","ts":1789210684.1984546,"msg":"GOMEMLIMIT is updated","GOMEMLIMIT":14604761088,"previous":9223372036854775807}
2026-09-12T10:58:04.198Z {"level":"info","ts":1789210684.1984582,"msg":"using config from file","file":"/etc/caddy/Caddyfile"}
2026-09-12T10:58:04.198Z {"level":"info","ts":1789210684.19846,"msg":"adapted config to JSON","adapter":"caddyfile"}
2026-09-12T10:58:04.199Z {"level":"info","ts":1789210684.1991816,"logger":"admin","msg":"admin endpoint started","address":"localhost:2019","enforce_origin":false,"origins":["//localhost:2019","//[::1]:2019","//127.0.0.1:2019"]}
2026-09-12T10:58:04.199Z {"level":"info","ts":1789210684.1994507,"logger":"http","msg":"servers shutting down with eternal grace period"}
2026-09-12T10:58:04.199Z {"level":"info","ts":1789210684.1995404,"logger":"tls.cache.maintenance","msg":"started background certificate maintenance","cache":"0x22360eb1eb80"}
2026-09-12T10:58:04.199Z {"level":"info","ts":1789210684.1995902,"logger":"tls.cache.maintenance","msg":"stopped background certificate maintenance","cache":"0x22360eb1eb80"}
2026-09-12T10:58:04.199Z Error: loading initial config: loading new config: loading http app module: provision http: server srv0: setting up route matchers: route 4: loading matcher modules: module name 'path_regexp': provision http.matchers.path_regexp: compiling matcher regexp \/\.(?!well-known): error parsing regexp: invalid or unsupported Perl syntax: `(?!`
2026-09-12T10:58:04.201Z 2026-09-12 17:58:04,201 WARN exited: caddy (exit status 1; not expected)
2026-09-12T10:58:07.206Z 2026-09-12 17:58:07,206 INFO spawned: 'caddy' with pid 136
2026-09-12T10:58:07.245Z {"level":"info","ts":1789210687.2456934,"msg":"maxprocs: Leaving GOMAXPROCS=5: CPU quota undefined"}
2026-09-12T10:58:07.245Z {"level":"info","ts":1789210687.2457104,"msg":"GOMEMLIMIT is updated","GOMEMLIMIT":14604761088,"previous":9223372036854775807}
2026-09-12T10:58:07.245Z {"level":"info","ts":1789210687.2457166,"msg":"using config from file","file":"/etc/caddy/Caddyfile"}
2026-09-12T10:58:07.245Z {"level":"info","ts":1789210687.2457201,"msg":"adapted config to JSON","adapter":"caddyfile"}
2026-09-12T10:58:07.246Z {"level":"info","ts":1789210687.2465003,"logger":"admin","msg":"admin endpoint started","address":"localhost:2019","enforce_origin":false,"origins":["//127.0.0.1:2019","//localhost:2019","//[::1]:2019"]}
2026-09-12T10:58:07.246Z {"level":"info","ts":1789210687.2467363,"logger":"http","msg":"servers shutting down with eternal grace period"}
2026-09-12T10:58:07.247Z {"level":"info","ts":1789210687.2468493,"logger":"tls.cache.maintenance","msg":"started background certificate maintenance","cache":"0x1dafb5324c80"}
2026-09-12T10:58:07.247Z {"level":"info","ts":1789210687.2468657,"logger":"tls.cache.maintenance","msg":"stopped background certificate maintenance","cache":"0x1dafb5324c80"}
2026-09-12T10:58:07.247Z Error: loading initial config: loading new config: loading http app module: provision http: server srv0: setting up route matchers: route 4: loading matcher modules: module name 'path_regexp': provision http.matchers.path_regexp: compiling matcher regexp \/\.(?!well-known): error parsing regexp: invalid or unsupported Perl syntax: `(?!`
2026-09-12T10:58:07.248Z 2026-09-12 17:58:07,248 WARN exited: caddy (exit status 1; not expected)
2026-09-12T10:58:08.249Z 2026-09-12 17:58:08,249 INFO gave up: caddy entered FATAL state, too many start retries too quickly
2026-09-12T10:59:01.046Z INFO  No scheduled commands are ready to run.
2026-09-12T10:59:15.059Z 2026-09-12 17:59:15,059 WARN received SIGQUIT indicating exit request
2026-09-12T10:59:15.059Z 2026-09-12 17:59:15,059 INFO waiting for php-fpm, horizon, schedule to die
2026-09-12T10:59:16.060Z 2026-09-12 17:59:16,060 WARN stopped: schedule (terminated by SIGTERM)
2026-09-12T10:59:17.063Z 2026-09-12 10:59:16 Worker STOPPED Interrupted
2026-09-12T10:59:17.063Z 2026-09-12 10:59:16 Worker STOPPED Interrupted
2026-09-12T10:59:17.063Z 2026-09-12 10:59:16 Worker STOPPED Interrupted
2026-09-12T10:59:17.063Z 2026-09-12 10:59:16 Worker STOPPED Interrupted
2026-09-12T10:59:17.063Z 2026-09-12 10:59:16 Worker STOPPED Interrupted
2026-09-12T10:59:17.063Z 2026-09-12 10:59:16 Worker STOPPED Interrupted
2026-09-12T10:59:18.063Z 2026-09-12 10:59:16 Worker STOPPED Interrupted
2026-09-12T10:59:18.063Z 2026-09-12 17:59:18,063 INFO waiting for php-fpm, horizon to die
2026-09-12T10:59:18.073Z 2026-09-12 17:59:18,073 INFO stopped: horizon (exit status 0)
2026-09-12T10:59:19.074Z [12-Sep-2026 17:59:19] NOTICE: Finishing ...
2026-09-12T10:59:19.076Z [12-Sep-2026 17:59:19] NOTICE: exiting, bye-bye!
2026-09-12T10:59:20.083Z 2026-09-12 17:59:20,083 INFO stopped: php-fpm (exit status 0)
```